---
source: src/main.rs
assertion_line: 467
expression: rendered
snapshot_kind: text
---
             ┌────┐┌────┐┌────│┌────┐┌────┐┌────│┌────┐┌────┐┌────│             
             │    ││    ││    ││ 2  ││ 6  ││    ││ 7  ││    ││ 1  │             
             └────┘└────┘└────│└────┘└────┘└────│└────┘└────┘└────│             
             ┌────┐┌────┐┌────│┌────┐┌────┐┌────│┌────┐┌────┐┌────│             
             │ 6  ││ 8  ││    ││    ││ 7  ││    ││    ││ 9  ││    │             
             └────┘└────┘└────│└────┘└────┘└────│└────┘└────┘└────│             
             ┌────┐┌────┐┌────│┌────┐┌────┐┌────│┌────┐┌────┐┌────│             
             │ 1  ││ 9  ││    ││    ││    ││ 4  ││ 5  ││    ││    │             
             ──────────────────────────────────────────────────────             
             ┌────┐┌────┐┌────│┌────┐┌────┐┌────│┌────┐┌────┐┌────│             
             │ 8  ││ 2  ││    ││ 1  ││    ││    ││    ││ 4  ││    │             
             └────┘└────┘└────│└────┘└────┘└────│└────┘└────┘└────│             
             ┌────┐┌────┐┌────│┌────┐┌────┐┌────│┌────┐┌────┐┌────│             
             │    ││    ││ 4  ││ 6  ││    ││ 2  ││ 9  ││    ││    │             
             └────┘└────┘└────│└────┘└────┘└────│└────┘└────┘└────│             
             ┌────┐┌────┐┌────│┌────┐┌────┐┌────│┌────┐┌────┐┌────│             
             │    ││ 5  ││    ││    ││    ││ 3  ││    ││ 2  ││ 8  │             
             ──────────────────────────────────────────────────────             
             ┌────┐┌────┐┌────│┌────┐┌────┐┌────│┌────┐┌────┐┌────│             
             │    ││    ││ 9  ││ 3  ││    ││    ││    ││ 7  ││ 4  │             
             └────┘└────┘└────│└────┘└────┘└────│└────┘└────┘└────│             
             ┌────┐┌────┐┌────│┌────┐┌────┐┌────│┌────┐┌────┐┌────│             
             │    ││ 4  ││    ││    ││ 5  ││    ││    ││ 3  ││ 6  │             
             └────┘└────┘└────│└────┘└────┘└────│└────┘└────┘└────│             
             ┌────┐┌────┐┌────│┌────┐┌────┐┌────│┌────┐┌────┐┌────│             
             │ 7  ││    ││ 3  ││    ││ 1  ││ 8  ││    ││    ││    │             
             ──────────────────────────────────────────────────────             
                                Mode: Normal (/)                                
             ┌Help────────────────────────────────────────────────┐             
             │Movement: ↑ ↓ ← → arrow keys to navigate the grid   │             
             │Modes:                                              │             
             │/ - Normal mode (enter numbers directly)            │             
             │, - Corner mode (small numbers in corners)          │             
             │. - Centre mode (small numbers in centre)           │             
             │Numbers: Use keys 1-9 to enter values               │             
             │Color coding:                                       │             
             │Green - Fixed numbers (unchangeable)                │             
             │White - User-entered numbers                        │             
             │Yellow - Corner numbers (up to 4)                   │             
             └────────────────────────────────────────────────────┘
